SC9_PRODUCTION_STATIC_CONTRACT=PASS
SC9_LINUX_SHELL_SYNTAX=PASS
SC9_COMPOSE_CONFIG=PASS
[INFO] Scanning for projects...
[INFO]
[INFO] --------------------< com.face:face-chain-platform >--------------------
[INFO] Building FACE Chain Platform 0.1.0-SNAPSHOT
[INFO]   from pom.xml
[INFO] --------------------------------[ jar ]---------------------------------
[INFO]
[INFO] --- resources:3.5.0:resources (default-resources) @ face-chain-platform ---
[INFO] Copying 3 resources from src\main\resources to target\classes
[INFO] Copying 200 resources from src\main\resources to target\classes
[INFO]
[INFO] --- compiler:3.15.0:compile (default-compile) @ face-chain-platform ---
[INFO] Nothing to compile - all classes are up to date.
[INFO]
[INFO] --- resources:3.5.0:testResources (default-testResources) @ face-chain-platform ---
[INFO] skip non existing resourceDirectory E:\face\backend-next\src\test\resources
[INFO]
[INFO] --- compiler:3.15.0:testCompile (default-testCompile) @ face-chain-platform ---
[INFO] Nothing to compile - all classes are up to date.
[INFO]
[INFO] --- surefire:3.5.6:test (default-test) @ face-chain-platform ---
[INFO] Using auto detected provider org.apache.maven.surefire.junitplatform.JUnitPlatformProvider
[INFO]
[INFO] -------------------------------------------------------
[INFO]  T E S T S
[INFO] -------------------------------------------------------
[INFO] Running com.face.platform.production.ObjectStorageHealthIndicatorTest
[INFO] Tests run: 1, Failures: 0, Errors: 0, Skipped: 0, Time elapsed: 0.302 s -- in com.face.platform.production.ObjectStorageHealthIndicatorTest
[INFO] Running com.face.platform.production.ProductionSafetyPolicyTest
[INFO] Tests run: 3, Failures: 0, Errors: 0, Skipped: 0, Time elapsed: 0.031 s -- in com.face.platform.production.ProductionSafetyPolicyTest
[INFO]
[INFO] Results:
[INFO]
[INFO] Tests run: 4, Failures: 0, Errors: 0, Skipped: 0
[INFO]
[INFO] ------------------------------------------------------------------------
[INFO] BUILD SUCCESS
[INFO] ------------------------------------------------------------------------
[INFO] Total time:  4.840 s
[INFO] Finished at: 2026-08-10T14:13:31+08:00
[INFO] ------------------------------------------------------------------------
SC9_POST_SEAL_VERIFICATION=PASS
