SC9_PORT_PREFLIGHT=PASS;HTTP=9080;HTTPS=9443;PROMETHEUS=19090
SC9_PRODUCTION_STATIC_CONTRACT=PASS
SC9_LINUX_SHELL_SYNTAX=PASS
[INFO] Scanning for projects...
[INFO]
[INFO] --------------------< com.face:face-chain-platform >--------------------
[INFO] Building FACE Chain Platform 0.1.0-SNAPSHOT
[INFO]   from pom.xml
[INFO] --------------------------------[ jar ]---------------------------------
[INFO]
[INFO] --- resources:3.5.0:resources (default-resources) @ face-chain-platform ---
[INFO] Copying 3 resources from src\main\resources to target\classes
[INFO] Copying 200 resources from src\main\resources to target\classes
[INFO]
[INFO] --- compiler:3.15.0:compile (default-compile) @ face-chain-platform ---
[INFO] Nothing to compile - all classes are up to date.
[INFO]
[INFO] --- resources:3.5.0:testResources (default-testResources) @ face-chain-platform ---
[INFO] skip non existing resourceDirectory E:\face\backend-next\src\test\resources
[INFO]
[INFO] --- compiler:3.15.0:testCompile (default-testCompile) @ face-chain-platform ---
[INFO] Nothing to compile - all classes are up to date.
[INFO]
[INFO] --- surefire:3.5.6:test (default-test) @ face-chain-platform ---
[INFO] Using auto detected provider org.apache.maven.surefire.junitplatform.JUnitPlatformProvider
[INFO]
[INFO] -------------------------------------------------------
[INFO]  T E S T S
[INFO] -------------------------------------------------------
[INFO] Running com.face.platform.aftersale.AfterSalePolicyTest
[INFO] Tests run: 1, Failures: 0, Errors: 0, Skipped: 0, Time elapsed: 0.088 s -- in com.face.platform.aftersale.AfterSalePolicyTest
[INFO] Running com.face.platform.analytics.AnalyticsQueryPolicyTest
[INFO] Tests run: 5, Failures: 0, Errors: 0, Skipped: 0, Time elapsed: 0.023 s -- in com.face.platform.analytics.AnalyticsQueryPolicyTest
[INFO] Running com.face.platform.analytics.AnalyticsReportCsvTest
[INFO] Tests run: 1, Failures: 0, Errors: 0, Skipped: 0, Time elapsed: 0.034 s -- in com.face.platform.analytics.AnalyticsReportCsvTest
[INFO] Running com.face.platform.analytics.AnalyticsReportPolicyTest
[INFO] Tests run: 2, Failures: 0, Errors: 0, Skipped: 0, Time elapsed: 0.008 s -- in com.face.platform.analytics.AnalyticsReportPolicyTest
[INFO] Running com.face.platform.analytics.AnalyticsReportSnapshotServiceTest
[INFO] Tests run: 4, Failures: 0, Errors: 0, Skipped: 0, Time elapsed: 2.515 s -- in com.face.platform.analytics.AnalyticsReportSnapshotServiceTest
[INFO] Running com.face.platform.analytics.M6ReportSnapshotMigrationContractTest
[INFO] Tests run: 1, Failures: 0, Errors: 0, Skipped: 0, Time elapsed: 0.023 s -- in com.face.platform.analytics.M6ReportSnapshotMigrationContractTest
[INFO] Running com.face.platform.analytics.TransactionAnalyticsQueryServiceTest
[INFO] Tests run: 1, Failures: 0, Errors: 0, Skipped: 0, Time elapsed: 0.005 s -- in com.face.platform.analytics.TransactionAnalyticsQueryServiceTest
[INFO] Running com.face.platform.api.DatabaseContractHealthIndicatorTest
[INFO] Tests run: 3, Failures: 0, Errors: 0, Skipped: 0, Time elapsed: 0.024 s -- in com.face.platform.api.DatabaseContractHealthIndicatorTest
[INFO] Running com.face.platform.appointment.AppointmentCompletionGuardTest
[INFO] Tests run: 2, Failures: 0, Errors: 0, Skipped: 0, Time elapsed: 0.058 s -- in com.face.platform.appointment.AppointmentCompletionGuardTest
[INFO] Running com.face.platform.appointment.AppointmentSelfScopeTest
[INFO] Tests run: 2, Failures: 0, Errors: 0, Skipped: 0, Time elapsed: 0.010 s -- in com.face.platform.appointment.AppointmentSelfScopeTest
[INFO] Running com.face.platform.appointment.AppointmentStatusPolicyTest
[INFO] Tests run: 2, Failures: 0, Errors: 0, Skipped: 0, Time elapsed: 0.048 s -- in com.face.platform.appointment.AppointmentStatusPolicyTest
[INFO] Running com.face.platform.approval.ApprovalPolicyTest
[INFO] Tests run: 2, Failures: 0, Errors: 0, Skipped: 0, Time elapsed: 0.003 s -- in com.face.platform.approval.ApprovalPolicyTest
[INFO] Running com.face.platform.approval.M5AfterSaleApprovalApiContractTest
[INFO] Tests run: 1, Failures: 0, Errors: 0, Skipped: 0, Time elapsed: 0.009 s -- in com.face.platform.approval.M5AfterSaleApprovalApiContractTest
[INFO] Running com.face.platform.approval.M5AfterSaleApprovalMigrationContractTest
[INFO] Tests run: 1, Failures: 0, Errors: 0, Skipped: 0, Time elapsed: 0.002 s -- in com.face.platform.approval.M5AfterSaleApprovalMigrationContractTest
[INFO] Running com.face.platform.benefit.BenefitReservationPolicyTest
[INFO] Tests run: 2, Failures: 0, Errors: 0, Skipped: 0, Time elapsed: 0.015 s -- in com.face.platform.benefit.BenefitReservationPolicyTest
[INFO] Running com.face.platform.booking.BookingPolicyTest
[INFO] Tests run: 5, Failures: 0, Errors: 0, Skipped: 0, Time elapsed: 0.024 s -- in com.face.platform.booking.BookingPolicyTest
[INFO] Running com.face.platform.booking.BookingWaitlistPolicyTest
[INFO] Tests run: 2, Failures: 0, Errors: 0, Skipped: 0, Time elapsed: 0.002 s -- in com.face.platform.booking.BookingWaitlistPolicyTest
[INFO] Running com.face.platform.booking.Sc3SchedulingMigrationContractTest
[INFO] Tests run: 1, Failures: 0, Errors: 0, Skipped: 0, Time elapsed: 0.011 s -- in com.face.platform.booking.Sc3SchedulingMigrationContractTest
[INFO] Running com.face.platform.checkout.DiscountSelectionPolicyTest
[INFO] Tests run: 3, Failures: 0, Errors: 0, Skipped: 0, Time elapsed: 0.006 s -- in com.face.platform.checkout.DiscountSelectionPolicyTest
[INFO] Running com.face.platform.checkout.Sc4OrderBenefitsMigrationContractTest
[INFO] Tests run: 1, Failures: 0, Errors: 0, Skipped: 0, Time elapsed: 0.004 s -- in com.face.platform.checkout.Sc4OrderBenefitsMigrationContractTest
[INFO] Running com.face.platform.client.ClientAppointmentProjectionContractTest
[INFO] Tests run: 1, Failures: 0, Errors: 0, Skipped: 0, Time elapsed: 0.007 s -- in com.face.platform.client.ClientAppointmentProjectionContractTest
[INFO] Running com.face.platform.client.ClientAuthServiceValidationTest
[INFO] Tests run: 1, Failures: 0, Errors: 0, Skipped: 0, Time elapsed: 0.191 s -- in com.face.platform.client.ClientAuthServiceValidationTest
[INFO] Running com.face.platform.client.ClientCatalogCompatibilityContractTest
[INFO] Tests run: 1, Failures: 0, Errors: 0, Skipped: 0, Time elapsed: 0.008 s -- in com.face.platform.client.ClientCatalogCompatibilityContractTest
[INFO] Running com.face.platform.client.M6PublicMediaOptimizationMigrationContractTest
[INFO] Tests run: 1, Failures: 0, Errors: 0, Skipped: 0, Time elapsed: 0.001 s -- in com.face.platform.client.M6PublicMediaOptimizationMigrationContractTest
[INFO] Running com.face.platform.client.Sc2DefaultShopBoundaryContractTest
[INFO] Tests run: 1, Failures: 0, Errors: 0, Skipped: 0, Time elapsed: 0.003 s -- in com.face.platform.client.Sc2DefaultShopBoundaryContractTest
[INFO] Running com.face.platform.commission.CommissionAdjustmentPolicyTest
[INFO] Tests run: 1, Failures: 0, Errors: 0, Skipped: 0, Time elapsed: 0.003 s -- in com.face.platform.commission.CommissionAdjustmentPolicyTest
[INFO] Running com.face.platform.commission.CommissionEntryPolicyTest
[INFO] Tests run: 4, Failures: 0, Errors: 0, Skipped: 0, Time elapsed: 0.009 s -- in com.face.platform.commission.CommissionEntryPolicyTest
[INFO] Running com.face.platform.commission.CommissionEventProjectionContractTest
[INFO] Tests run: 1, Failures: 0, Errors: 0, Skipped: 0, Time elapsed: 0.006 s -- in com.face.platform.commission.CommissionEventProjectionContractTest
[INFO] Running com.face.platform.commission.CommissionRulePolicyTest
[INFO] Tests run: 3, Failures: 0, Errors: 0, Skipped: 0, Time elapsed: 0.006 s -- in com.face.platform.commission.CommissionRulePolicyTest
[INFO] Running com.face.platform.commission.CommissionSourceSnapshotPolicyTest
[INFO] Tests run: 1, Failures: 0, Errors: 0, Skipped: 0, Time elapsed: 0.005 s -- in com.face.platform.commission.CommissionSourceSnapshotPolicyTest
[INFO] Running com.face.platform.commission.CommissionSourceSnapshotSelfScopeTest
[INFO] Tests run: 1, Failures: 0, Errors: 0, Skipped: 0, Time elapsed: 0.029 s -- in com.face.platform.commission.CommissionSourceSnapshotSelfScopeTest
[INFO] Running com.face.platform.commission.M5CommissionEntryApiContractTest
[INFO] Tests run: 1, Failures: 0, Errors: 0, Skipped: 0, Time elapsed: 0.001 s -- in com.face.platform.commission.M5CommissionEntryApiContractTest
[INFO] Running com.face.platform.commission.M5CommissionEntryMigrationContractTest
[INFO] Tests run: 1, Failures: 0, Errors: 0, Skipped: 0, Time elapsed: 0.001 s -- in com.face.platform.commission.M5CommissionEntryMigrationContractTest
[INFO] Running com.face.platform.commission.M5CommissionRuleApiContractTest
[INFO] Tests run: 1, Failures: 0, Errors: 0, Skipped: 0, Time elapsed: 0.002 s -- in com.face.platform.commission.M5CommissionRuleApiContractTest
[INFO] Running com.face.platform.commission.M5CommissionRuleMigrationContractTest
[INFO] Tests run: 1, Failures: 0, Errors: 0, Skipped: 0, Time elapsed: 0.001 s -- in com.face.platform.commission.M5CommissionRuleMigrationContractTest
[INFO] Running com.face.platform.content.ContentStatusPolicyTest
[INFO] Tests run: 1, Failures: 0, Errors: 0, Skipped: 0, Time elapsed: 0.005 s -- in com.face.platform.content.ContentStatusPolicyTest
[INFO] Running com.face.platform.demo.DemoAccessServiceTest
[INFO] Tests run: 2, Failures: 0, Errors: 0, Skipped: 0, Time elapsed: 0.080 s -- in com.face.platform.demo.DemoAccessServiceTest
[INFO] Running com.face.platform.idempotency.CommandIdempotencyServiceTest
[INFO] Tests run: 3, Failures: 0, Errors: 0, Skipped: 0, Time elapsed: 0.017 s -- in com.face.platform.idempotency.CommandIdempotencyServiceTest
[INFO] Running com.face.platform.identity.AdminRolePolicyTest
[INFO] Tests run: 1, Failures: 0, Errors: 0, Skipped: 0, Time elapsed: 0.003 s -- in com.face.platform.identity.AdminRolePolicyTest
[INFO] Running com.face.platform.identity.IdentityApplicationServiceTest
[INFO] Tests run: 1, Failures: 0, Errors: 0, Skipped: 0, Time elapsed: 0.018 s -- in com.face.platform.identity.IdentityApplicationServiceTest
[INFO] Running com.face.platform.identity.Sc2IdentityContentMigrationContractTest
[INFO] Tests run: 2, Failures: 0, Errors: 0, Skipped: 0, Time elapsed: 0.002 s -- in com.face.platform.identity.Sc2IdentityContentMigrationContractTest
[INFO] Running com.face.platform.identity.SmsVerificationPolicyTest
[INFO] Tests run: 2, Failures: 0, Errors: 0, Skipped: 0, Time elapsed: 0.006 s -- in com.face.platform.identity.SmsVerificationPolicyTest
[INFO] Running com.face.platform.integration.IntegrationClientFilterTest
[INFO] Tests run: 1, Failures: 0, Errors: 0, Skipped: 0, Time elapsed: 0.112 s -- in com.face.platform.integration.IntegrationClientFilterTest
[INFO] Running com.face.platform.integration.IntegrationClientPolicyTest
[INFO] Tests run: 2, Failures: 0, Errors: 0, Skipped: 0, Time elapsed: 0.018 s -- in com.face.platform.integration.IntegrationClientPolicyTest
[INFO] Running com.face.platform.integration.M6TrainingOpenPlatformMigrationContractTest
[INFO] Tests run: 1, Failures: 0, Errors: 0, Skipped: 0, Time elapsed: 0.001 s -- in com.face.platform.integration.M6TrainingOpenPlatformMigrationContractTest
[INFO] Running com.face.platform.inventory.StockBatchFefoPolicyTest
[INFO] Tests run: 1, Failures: 0, Errors: 0, Skipped: 0, Time elapsed: 0.007 s -- in com.face.platform.inventory.StockBatchFefoPolicyTest
[INFO] Running com.face.platform.legacyimport.LegacyImportDesktopGateTest
[INFO] Tests run: 1, Failures: 0, Errors: 0, Skipped: 0, Time elapsed: 0.008 s -- in com.face.platform.legacyimport.LegacyImportDesktopGateTest
[INFO] Running com.face.platform.legacyimport.LegacyImportWorkbookTest
[INFO] Tests run: 2, Failures: 0, Errors: 0, Skipped: 0, Time elapsed: 0.731 s -- in com.face.platform.legacyimport.LegacyImportWorkbookTest
[INFO] Running com.face.platform.legacyimport.Sc7LegacyImportMigrationContractTest
[INFO] Tests run: 1, Failures: 0, Errors: 0, Skipped: 0, Time elapsed: 0.001 s -- in com.face.platform.legacyimport.Sc7LegacyImportMigrationContractTest
[INFO] Running com.face.platform.marketing.M6MarketingMigrationContractTest
[INFO] Tests run: 1, Failures: 0, Errors: 0, Skipped: 0, Time elapsed: 0.002 s -- in com.face.platform.marketing.M6MarketingMigrationContractTest
[INFO] Running com.face.platform.marketing.MarketingCampaignPolicyTest
[INFO] Tests run: 4, Failures: 0, Errors: 0, Skipped: 0, Time elapsed: 0.004 s -- in com.face.platform.marketing.MarketingCampaignPolicyTest
[INFO] Running com.face.platform.marketing.MarketingConsentPolicyTest
[INFO] Tests run: 2, Failures: 0, Errors: 0, Skipped: 0, Time elapsed: 0.003 s -- in com.face.platform.marketing.MarketingConsentPolicyTest
[INFO] Running com.face.platform.masterdata.M2MigrationContractTest
[INFO] Tests run: 1, Failures: 0, Errors: 0, Skipped: 0, Time elapsed: 0.002 s -- in com.face.platform.masterdata.M2MigrationContractTest
[INFO] Running com.face.platform.masterdata.ServiceCatalogServiceTest
[INFO] Tests run: 2, Failures: 0, Errors: 0, Skipped: 0, Time elapsed: 0.007 s -- in com.face.platform.masterdata.ServiceCatalogServiceTest
[INFO] Running com.face.platform.masterdata.StaffPublicProfileServiceTest
[INFO] Tests run: 1, Failures: 0, Errors: 0, Skipped: 0, Time elapsed: 0.001 s -- in com.face.platform.masterdata.StaffPublicProfileServiceTest
[INFO] Running com.face.platform.masterdata.StaffScheduleServiceTest
[INFO] Tests run: 3, Failures: 0, Errors: 0, Skipped: 0, Time elapsed: 0.011 s -- in com.face.platform.masterdata.StaffScheduleServiceTest
[INFO] Running com.face.platform.masterdata.StaffSkillVersionServiceTest
[INFO] Tests run: 3, Failures: 0, Errors: 0, Skipped: 0, Time elapsed: 0.021 s -- in com.face.platform.masterdata.StaffSkillVersionServiceTest
[INFO] Running com.face.platform.notification.M5NotificationApiContractTest
[INFO] Tests run: 1, Failures: 0, Errors: 0, Skipped: 0, Time elapsed: 0.001 s -- in com.face.platform.notification.M5NotificationApiContractTest
[INFO] Running com.face.platform.notification.M5NotificationMigrationContractTest
[INFO] Tests run: 1, Failures: 0, Errors: 0, Skipped: 0, Time elapsed: 0.002 s -- in com.face.platform.notification.M5NotificationMigrationContractTest
[INFO] Running com.face.platform.notification.NotificationPolicyTest
[INFO] Tests run: 3, Failures: 0, Errors: 0, Skipped: 0, Time elapsed: 0.003 s -- in com.face.platform.notification.NotificationPolicyTest
[INFO] Running com.face.platform.notification.NotificationProjectionContractTest
[INFO] Tests run: 1, Failures: 0, Errors: 0, Skipped: 0, Time elapsed: 0.001 s -- in com.face.platform.notification.NotificationProjectionContractTest
[INFO] Running com.face.platform.outbox.OutboxEventServiceTest
[INFO] Tests run: 2, Failures: 0, Errors: 0, Skipped: 0, Time elapsed: 0.025 s -- in com.face.platform.outbox.OutboxEventServiceTest
[INFO] Running com.face.platform.packageaccount.M4PackageAccountApiContractTest
[INFO] Tests run: 1, Failures: 0, Errors: 0, Skipped: 0, Time elapsed: 0.002 s -- in com.face.platform.packageaccount.M4PackageAccountApiContractTest
[INFO] Running com.face.platform.packageaccount.M4PackageAccountMigrationContractTest
[INFO] Tests run: 1, Failures: 0, Errors: 0, Skipped: 0, Time elapsed: 0.001 s -- in com.face.platform.packageaccount.M4PackageAccountMigrationContractTest
[INFO] Running com.face.platform.packageaccount.MemberAccountApplicationServiceValidationTest
[INFO] Tests run: 1, Failures: 0, Errors: 0, Skipped: 0, Time elapsed: 0.003 s -- in com.face.platform.packageaccount.MemberAccountApplicationServiceValidationTest
[INFO] Running com.face.platform.packageaccount.MemberAccountPolicyTest
[INFO] Tests run: 3, Failures: 0, Errors: 0, Skipped: 0, Time elapsed: 0.006 s -- in com.face.platform.packageaccount.MemberAccountPolicyTest
[INFO] Running com.face.platform.packageaccount.MemberAccountReversalContractTest
[INFO] Tests run: 1, Failures: 0, Errors: 0, Skipped: 0, Time elapsed: 0.001 s -- in com.face.platform.packageaccount.MemberAccountReversalContractTest
[INFO] Running com.face.platform.packageaccount.PackageAccountModuleBoundaryContractTest
[INFO] Tests run: 1, Failures: 0, Errors: 0, Skipped: 0, Time elapsed: 0.001 s -- in com.face.platform.packageaccount.PackageAccountModuleBoundaryContractTest
[INFO] Running com.face.platform.packageaccount.PackageLifecyclePolicyTest
[INFO] Tests run: 3, Failures: 0, Errors: 0, Skipped: 0, Time elapsed: 0.005 s -- in com.face.platform.packageaccount.PackageLifecyclePolicyTest
[INFO] Running com.face.platform.payment.PaymentCallbackVerifierTest
[INFO] Tests run: 2, Failures: 0, Errors: 0, Skipped: 0, Time elapsed: 0.008 s -- in com.face.platform.payment.PaymentCallbackVerifierTest
[INFO] Running com.face.platform.payment.PaymentChannelPolicyTest
[INFO] Tests run: 2, Failures: 0, Errors: 0, Skipped: 0, Time elapsed: 0.005 s -- in com.face.platform.payment.PaymentChannelPolicyTest
[INFO] Running com.face.platform.points.PointsPolicyTest
[INFO] Tests run: 3, Failures: 0, Errors: 0, Skipped: 0, Time elapsed: 0.012 s -- in com.face.platform.points.PointsPolicyTest
[INFO] Running com.face.platform.points.Sc5PointsStoreMigrationContractTest
[INFO] Tests run: 1, Failures: 0, Errors: 0, Skipped: 0, Time elapsed: 0.002 s -- in com.face.platform.points.Sc5PointsStoreMigrationContractTest
[INFO] Running com.face.platform.production.ObjectStorageHealthIndicatorTest
[INFO] Tests run: 1, Failures: 0, Errors: 0, Skipped: 0, Time elapsed: 0.256 s -- in com.face.platform.production.ObjectStorageHealthIndicatorTest
[INFO] Running com.face.platform.production.ProductionSafetyPolicyTest
[INFO] Tests run: 3, Failures: 0, Errors: 0, Skipped: 0, Time elapsed: 0.023 s -- in com.face.platform.production.ProductionSafetyPolicyTest
[INFO] Running com.face.platform.purchase.M4PurchaseBatchMigrationContractTest
[INFO] Tests run: 1, Failures: 0, Errors: 0, Skipped: 0, Time elapsed: 0 s -- in com.face.platform.purchase.M4PurchaseBatchMigrationContractTest
[INFO] Running com.face.platform.purchase.PurchaseModuleBoundaryContractTest
[INFO] Tests run: 1, Failures: 0, Errors: 0, Skipped: 0, Time elapsed: 0.002 s -- in com.face.platform.purchase.PurchaseModuleBoundaryContractTest
[INFO] Running com.face.platform.purchase.PurchaseOrderStatusPolicyTest
[INFO] Tests run: 1, Failures: 0, Errors: 0, Skipped: 0, Time elapsed: 0.001 s -- in com.face.platform.purchase.PurchaseOrderStatusPolicyTest
[INFO] Running com.face.platform.purchase.PurchaseReceiptPolicyTest
[INFO] Tests run: 3, Failures: 0, Errors: 0, Skipped: 0, Time elapsed: 0.006 s -- in com.face.platform.purchase.PurchaseReceiptPolicyTest
[INFO] Running com.face.platform.reconciliation.M4PaymentReconciliationMigrationContractTest
[INFO] Tests run: 1, Failures: 0, Errors: 0, Skipped: 0, Time elapsed: 0.001 s -- in com.face.platform.reconciliation.M4PaymentReconciliationMigrationContractTest
[INFO] Running com.face.platform.reconciliation.ReconciliationLifecyclePolicyTest
[INFO] Tests run: 2, Failures: 0, Errors: 0, Skipped: 0, Time elapsed: 0.002 s -- in com.face.platform.reconciliation.ReconciliationLifecyclePolicyTest
[INFO] Running com.face.platform.reconciliation.ReconciliationPolicyTest
[INFO] Tests run: 2, Failures: 0, Errors: 0, Skipped: 0, Time elapsed: 0.001 s -- in com.face.platform.reconciliation.ReconciliationPolicyTest
[INFO] Running com.face.platform.resource.ResourceBookingConcurrencyContractTest
[INFO] Tests run: 1, Failures: 0, Errors: 0, Skipped: 0, Time elapsed: 0.001 s -- in com.face.platform.resource.ResourceBookingConcurrencyContractTest
[INFO] Running com.face.platform.resource.ResourceBookingServiceTest
[INFO] Tests run: 5, Failures: 0, Errors: 0, Skipped: 0, Time elapsed: 0.024 s -- in com.face.platform.resource.ResourceBookingServiceTest
[INFO] Running com.face.platform.resource.ServiceResourceServiceTest
[INFO] Tests run: 2, Failures: 0, Errors: 0, Skipped: 0, Time elapsed: 0.006 s -- in com.face.platform.resource.ServiceResourceServiceTest
[INFO] Running com.face.platform.sc6.Sc6PolicyTest
[INFO] Tests run: 2, Failures: 0, Errors: 0, Skipped: 0, Time elapsed: 0.002 s -- in com.face.platform.sc6.Sc6PolicyTest
[INFO] Running com.face.platform.security.AdminSurfaceGuardFilterTest
[INFO] Tests run: 2, Failures: 0, Errors: 0, Skipped: 0, Time elapsed: 0.024 s -- in com.face.platform.security.AdminSurfaceGuardFilterTest
[INFO] Running com.face.platform.security.BackendDependencySecurityContractTest
[INFO] Tests run: 1, Failures: 0, Errors: 0, Skipped: 0, Time elapsed: 0.001 s -- in com.face.platform.security.BackendDependencySecurityContractTest
[INFO] Running com.face.platform.security.M5LeastPrivilegeVerificationContractTest
[INFO] Tests run: 1, Failures: 0, Errors: 0, Skipped: 0, Time elapsed: 0.001 s -- in com.face.platform.security.M5LeastPrivilegeVerificationContractTest
[INFO] Running com.face.platform.security.Sc2RoleMatrixContractTest
[INFO] Tests run: 1, Failures: 0, Errors: 0, Skipped: 0, Time elapsed: 0.001 s -- in com.face.platform.security.Sc2RoleMatrixContractTest
[INFO] Running com.face.platform.security.TenantAccessServiceTest
[INFO] Tests run: 11, Failures: 0, Errors: 0, Skipped: 0, Time elapsed: 0.019 s -- in com.face.platform.security.TenantAccessServiceTest
[INFO] Running com.face.platform.security.TenantIdentityScopeTest
[INFO] Tests run: 3, Failures: 0, Errors: 0, Skipped: 0, Time elapsed: 0.003 s -- in com.face.platform.security.TenantIdentityScopeTest
[INFO] Running com.face.platform.servicecare.CustomerConfirmationServiceTest
[INFO] Tests run: 3, Failures: 0, Errors: 0, Skipped: 0, Time elapsed: 0.097 s -- in com.face.platform.servicecare.CustomerConfirmationServiceTest
[INFO] Running com.face.platform.servicecare.M3MigrationContractTest
[INFO] Tests run: 1, Failures: 0, Errors: 0, Skipped: 0, Time elapsed: 0.001 s -- in com.face.platform.servicecare.M3MigrationContractTest
[INFO] Running com.face.platform.servicecare.ServiceModuleBoundaryContractTest
[INFO] Tests run: 1, Failures: 0, Errors: 0, Skipped: 0, Time elapsed: 0.001 s -- in com.face.platform.servicecare.ServiceModuleBoundaryContractTest
[INFO] Running com.face.platform.servicecare.ServiceRecordCorrectionServiceTest
[INFO] Tests run: 1, Failures: 0, Errors: 0, Skipped: 0, Time elapsed: 0.015 s -- in com.face.platform.servicecare.ServiceRecordCorrectionServiceTest
[INFO] Running com.face.platform.servicecare.ServiceResourceLegacyCompatibilityContractTest
[INFO] Tests run: 1, Failures: 0, Errors: 0, Skipped: 0, Time elapsed: 0.001 s -- in com.face.platform.servicecare.ServiceResourceLegacyCompatibilityContractTest
[INFO] Running com.face.platform.settlement.CommissionSettlementPolicyTest
[INFO] Tests run: 3, Failures: 0, Errors: 0, Skipped: 0, Time elapsed: 0.002 s -- in com.face.platform.settlement.CommissionSettlementPolicyTest
[INFO] Running com.face.platform.settlement.M5CommissionSettlementApiContractTest
[INFO] Tests run: 1, Failures: 0, Errors: 0, Skipped: 0, Time elapsed: 0 s -- in com.face.platform.settlement.M5CommissionSettlementApiContractTest
[INFO] Running com.face.platform.settlement.M5CommissionSettlementMigrationContractTest
[INFO] Tests run: 1, Failures: 0, Errors: 0, Skipped: 0, Time elapsed: 0.007 s -- in com.face.platform.settlement.M5CommissionSettlementMigrationContractTest
[INFO] Running com.face.platform.shop.ShopContextServiceTest
[INFO] Tests run: 3, Failures: 0, Errors: 0, Skipped: 0, Time elapsed: 0.009 s -- in com.face.platform.shop.ShopContextServiceTest
[INFO] Running com.face.platform.store.MallPolicyTest
[INFO] Tests run: 2, Failures: 0, Errors: 0, Skipped: 0, Time elapsed: 0.010 s -- in com.face.platform.store.MallPolicyTest
[INFO] Running com.face.platform.training.TrainingPolicyTest
[INFO] Tests run: 2, Failures: 0, Errors: 0, Skipped: 0, Time elapsed: 0.003 s -- in com.face.platform.training.TrainingPolicyTest
[INFO] Running com.face.platform.transaction.M4RefundLifecycleContractTest
[INFO] Tests run: 1, Failures: 0, Errors: 0, Skipped: 0, Time elapsed: 0.001 s -- in com.face.platform.transaction.M4RefundLifecycleContractTest
[INFO] Running com.face.platform.transaction.M4RefundMigrationContractTest
[INFO] Tests run: 1, Failures: 0, Errors: 0, Skipped: 0, Time elapsed: 0.001 s -- in com.face.platform.transaction.M4RefundMigrationContractTest
[INFO] Running com.face.platform.transaction.RefundExecutionPolicyTest
[INFO] Tests run: 3, Failures: 0, Errors: 0, Skipped: 0, Time elapsed: 0.003 s -- in com.face.platform.transaction.RefundExecutionPolicyTest
[INFO] Running com.face.platform.transaction.TransactionIdempotencyContractTest
[INFO] Tests run: 1, Failures: 0, Errors: 0, Skipped: 0, Time elapsed: 0.001 s -- in com.face.platform.transaction.TransactionIdempotencyContractTest
[INFO] Running com.face.platform.transaction.TransactionStatusPolicyTest
[INFO] Tests run: 3, Failures: 0, Errors: 0, Skipped: 0, Time elapsed: 0.002 s -- in com.face.platform.transaction.TransactionStatusPolicyTest
[INFO] Running com.face.platform.v3.api.M4ApiContractDocumentTest
[INFO] Tests run: 1, Failures: 0, Errors: 0, Skipped: 0, Time elapsed: 0.001 s -- in com.face.platform.v3.api.M4ApiContractDocumentTest
[INFO] Running com.face.platform.v3.api.M5ApiContractDocumentTest
[INFO] Tests run: 1, Failures: 0, Errors: 0, Skipped: 0, Time elapsed: 0.001 s -- in com.face.platform.v3.api.M5ApiContractDocumentTest
[INFO] Running com.face.platform.v3.api.RequestIdFilterTest
[INFO] Tests run: 2, Failures: 0, Errors: 0, Skipped: 0, Time elapsed: 0.001 s -- in com.face.platform.v3.api.RequestIdFilterTest
[INFO] Running com.face.platform.v3.api.V3ApiResponseTest
[INFO] Tests run: 2, Failures: 0, Errors: 0, Skipped: 0, Time elapsed: 0.001 s -- in com.face.platform.v3.api.V3ApiResponseTest
[INFO] Running com.face.platform.v3.auth.SessionTokenCodecTest
[INFO] Tests run: 1, Failures: 0, Errors: 0, Skipped: 0, Time elapsed: 0.003 s -- in com.face.platform.v3.auth.SessionTokenCodecTest
[INFO] Running com.face.platform.v3.auth.V3AuthSessionRepositoryTest
[INFO] Tests run: 1, Failures: 0, Errors: 0, Skipped: 0, Time elapsed: 0.003 s -- in com.face.platform.v3.auth.V3AuthSessionRepositoryTest
[INFO] Running com.face.platform.v3.auth.V3AuthSessionServiceTest
[INFO] Tests run: 6, Failures: 0, Errors: 0, Skipped: 0, Time elapsed: 0.680 s -- in com.face.platform.v3.auth.V3AuthSessionServiceTest
[INFO] Running com.face.platform.v3.auth.V3ClientIdentityApiContractTest
[INFO] Tests run: 3, Failures: 0, Errors: 0, Skipped: 0, Time elapsed: 0.002 s -- in com.face.platform.v3.auth.V3ClientIdentityApiContractTest
[INFO] Running com.face.platform.v3.content.Sc2ContentApiContractTest
[INFO] Tests run: 1, Failures: 0, Errors: 0, Skipped: 0, Time elapsed: 0.001 s -- in com.face.platform.v3.content.Sc2ContentApiContractTest
[INFO] Running com.face.platform.v3.identity.V3AdminAccountApiContractTest
[INFO] Tests run: 1, Failures: 0, Errors: 0, Skipped: 0, Time elapsed: 0.001 s -- in com.face.platform.v3.identity.V3AdminAccountApiContractTest
[INFO]
[INFO] Results:
[INFO]
[INFO] Tests run: 218, Failures: 0, Errors: 0, Skipped: 0
[INFO]
[INFO] ------------------------------------------------------------------------
[INFO] BUILD SUCCESS
[INFO] ------------------------------------------------------------------------
[INFO] Total time:  10.247 s
[INFO] Finished at: 2026-08-10T14:02:37+08:00
[INFO] ------------------------------------------------------------------------
SC9_BACKEND_TESTS=PASS

> face-chain-admin@0.1.0 build
> vue-tsc -b && vite build

vite v7.3.6 building client environment for production...
transforming...
✓ 1775 modules transformed.
rendering chunks...
computing gzip size...
dist/index.html                                       0.77 kB │ gzip:  0.52 kB
dist/assets/SettingsView-DNt8_bbO.css                 0.69 kB │ gzip:  0.35 kB
dist/assets/AppShell-Djui3KQI.css                     1.01 kB │ gzip:  0.45 kB
dist/assets/StaffProfilesView-C4ljRwco.css            1.04 kB │ gzip:  0.42 kB
dist/assets/el-empty-S7fQQ3B8.css                     1.16 kB │ gzip:  0.46 kB
dist/assets/FulfillmentOperationsView-DFM4QH24.css    1.28 kB │ gzip:  0.45 kB
dist/assets/el-skeleton-BjvgS5Bk.css                  1.57 kB │ gzip:  0.53 kB
dist/assets/ContentView-Colj47ms.css                  1.57 kB │ gzip:  0.52 kB
dist/assets/el-loading-Dq8WDDkr.css                   1.60 kB │ gzip:  0.53 kB
dist/assets/PointsMallOperationsView-CnR0VgEb.css     2.18 kB │ gzip:  0.59 kB
dist/assets/DataMigrationView-DvewfwDx.css            3.22 kB │ gzip:  0.86 kB
dist/assets/el-alert-B6UgayC7.css                     3.47 kB │ gzip:  0.74 kB
dist/assets/el-dialog-DUbGnqO_.css                    3.54 kB │ gzip:  0.97 kB
dist/assets/MobileOperationsView-Dsn-g3EH.css         3.71 kB │ gzip:  0.86 kB
dist/assets/BenefitsOperationsView-DfEtMueq.css       3.79 kB │ gzip:  0.99 kB
dist/assets/el-switch-DpR9-s4E.css                    3.91 kB │ gzip:  0.95 kB
dist/assets/el-input-number-DExoAqKP.css              4.35 kB │ gzip:  0.90 kB
dist/assets/el-checkbox-CzNtyWdF.css                  6.51 kB │ gzip:  1.22 kB
dist/assets/el-radio-button-TYBaCPcE.css              7.58 kB │ gzip:  1.42 kB
dist/assets/base-BhyKBIh7.css                         7.79 kB │ gzip:  1.96 kB
dist/assets/el-select-CK58rX4v.css                    9.82 kB │ gzip:  1.94 kB
dist/assets/el-tag-Csn_yPGm.css                       9.83 kB │ gzip:  1.69 kB
dist/assets/el-tab-pane-LzsQQ_QK.css                 15.78 kB │ gzip:  2.34 kB
dist/assets/BookingOperationsView-C6tIpnAU.css       16.77 kB │ gzip:  3.03 kB
dist/assets/el-input-WYb62p31.css                    16.86 kB │ gzip:  2.57 kB
dist/assets/MasterDataView-DOGFwSYt.css              18.11 kB │ gzip:  3.17 kB
dist/assets/el-table-column-Dp73S2HR.css             19.54 kB │ gzip:  2.91 kB
dist/assets/el-button-ZSOkJyjJ.css                   19.90 kB │ gzip:  2.14 kB
dist/assets/el-date-picker-BsrAVvYx.css              28.88 kB │ gzip:  4.20 kB
dist/assets/index-Z1w7ct7X.css                       42.17 kB │ gzip:  7.14 kB
dist/assets/validator-DQQsHJ6g.js                     0.09 kB │ gzip:  0.11 kB
dist/assets/isArrayLikeObject-TqZlauIp.js             0.20 kB │ gzip:  0.17 kB
dist/assets/vnode-B7DlbAet.js                         0.43 kB │ gzip:  0.28 kB
dist/assets/omit-CPv1kkYX.js                          0.97 kB │ gzip:  0.58 kB
dist/assets/debounce-BXNLDoHL.js                      1.06 kB │ gzip:  0.57 kB
dist/assets/el-skeleton-DfRToaRO.js                   1.76 kB │ gzip:  0.92 kB
dist/assets/el-alert-958A7hQ9.js                      2.00 kB │ gzip:  0.95 kB
dist/assets/OverviewView-CNdG1qRH.js                  2.17 kB │ gzip:  1.28 kB
dist/assets/LoginView-Dz0tMHyC.js                     2.77 kB │ gzip:  1.54 kB
dist/assets/index-CyN0XCTu.js                         3.02 kB │ gzip:  1.41 kB
dist/assets/StaffProfilesView-BIwuJgt3.js             3.56 kB │ gzip:  1.73 kB
dist/assets/el-empty-Bp3-4cxO.js                      4.49 kB │ gzip:  1.62 kB
dist/assets/el-loading-SFbn75Zo.js                    4.66 kB │ gzip:  2.01 kB
dist/assets/SettingsView-BLEFkTx8.js                  4.88 kB │ gzip:  2.16 kB
dist/assets/el-switch-WVjTXIYF.js                     5.03 kB │ gzip:  1.74 kB
dist/assets/AppShell-DR-DCaSk.js                      5.12 kB │ gzip:  1.83 kB
dist/assets/el-radio-button-ClNUariU.js               5.27 kB │ gzip:  2.18 kB
dist/assets/DataMigrationView-DqYTfwoH.js             6.37 kB │ gzip:  3.01 kB
dist/assets/ContentView-BiTE2MEa.js                   6.89 kB │ gzip:  2.89 kB
dist/assets/MobileOperationsView-BLOV3ApP.js          7.13 kB │ gzip:  2.81 kB
dist/assets/el-input-number-BuQY4j0K.js               7.64 kB │ gzip:  3.11 kB
dist/assets/index-BA_5F1i1.js                         7.69 kB │ gzip:  3.25 kB
dist/assets/index-ks1H9ai2.js                         8.18 kB │ gzip:  3.49 kB
dist/assets/el-dialog-DngpI2x3.js                     8.73 kB │ gzip:  3.45 kB
dist/assets/el-checkbox-aj2kQOkC.js                   9.07 kB │ gzip:  3.28 kB
dist/assets/FulfillmentOperationsView-DPg496fD.js    10.52 kB │ gzip:  4.39 kB
dist/assets/index-_OvY3o05.js                        11.52 kB │ gzip:  4.28 kB
dist/assets/el-tab-pane-Uqbb_0W8.js                  12.49 kB │ gzip:  5.21 kB
dist/assets/index-S3CzlDir.js                        14.37 kB │ gzip:  5.31 kB
dist/assets/BenefitsOperationsView-DrmGfBrK.js       17.36 kB │ gzip:  5.39 kB
dist/assets/PointsMallOperationsView-D-v9OkaT.js     18.33 kB │ gzip:  5.96 kB
dist/assets/BookingOperationsView-0YLtICG7.js        22.31 kB │ gzip:  7.30 kB
dist/assets/el-select-BQiC7GS4.js                    31.03 kB │ gzip: 10.64 kB
dist/assets/el-input-BfddcJQ9.js                     31.85 kB │ gzip: 11.24 kB
dist/assets/MasterDataView-ChYFXcnL.js               32.26 kB │ gzip: 10.61 kB
dist/assets/el-button-BUrj7ahb.js                    44.00 kB │ gzip: 16.96 kB
dist/assets/base-uorHH4zF.js                         46.15 kB │ gzip: 15.88 kB
dist/assets/el-tag-D4wKUcAb.js                       49.39 kB │ gzip: 17.58 kB
dist/assets/el-table-column-BvvtV6Yw.js              76.62 kB │ gzip: 26.65 kB
dist/assets/el-date-picker-CTLhziB8.js               91.31 kB │ gzip: 26.67 kB
dist/assets/index-DJpErpUR.js                       176.18 kB │ gzip: 66.86 kB
✓ built in 4.80s
SC9_ADMIN_BUILD=PASS

> face-client-v2@0.2.0 build
> vue-tsc -b && vite build

vite v7.3.6 building client environment for production...
transforming...
✓ 214 modules transformed.
rendering chunks...
computing gzip size...
dist/index.html                   0.84 kB │ gzip:   0.54 kB
dist/assets/index-Bkd9Fq7r.css   68.50 kB │ gzip:  12.43 kB
dist/assets/index-CPtMQSqX.js   344.06 kB │ gzip: 116.59 kB
✓ built in 1.39s
SC9_CLIENT_BUILD=PASS
#1 [internal] load local bake definitions
#1 reading from stdin 564B 0.0s done
#1 DONE 0.0s

#2 [internal] load build definition from Dockerfile
#2 transferring dockerfile: 735B done
#2 DONE 0.0s

#3 [internal] load metadata for docker.io/library/maven:3.9.11-eclipse-temurin-21-alpine
#3 DONE 0.0s

#4 [internal] load .dockerignore
#4 transferring context: 66B done
#4 DONE 0.0s

#5 [build 1/6] FROM docker.io/library/maven:3.9.11-eclipse-temurin-21-alpine@sha256:922927df2c662cdd47ddb116443d6bec4696cfae3de1a0ddac8fcc7b87ce61ae
#5 resolve docker.io/library/maven:3.9.11-eclipse-temurin-21-alpine@sha256:922927df2c662cdd47ddb116443d6bec4696cfae3de1a0ddac8fcc7b87ce61ae 0.0s done
#5 DONE 0.0s

#6 [internal] load build context
#6 transferring context: 56.89kB 0.0s done
#6 DONE 0.0s

#7 [build 2/6] WORKDIR /workspace
#7 CACHED

#8 [build 3/6] COPY pom.xml ./
#8 CACHED

#9 [build 4/6] RUN mvn -B -ntp dependency:go-offline
#9 CACHED

#10 [build 5/6] COPY src ./src
#10 CACHED

#11 [build 6/6] RUN mvn -B -ntp -DskipTests package
#11 CACHED

#12 exporting to image
#12 exporting layers done
#12 exporting manifest sha256:c01977ada9bc42ae077a81f7aa123092528116a11349e21367c6f83f6994b120 0.0s done
#12 exporting config sha256:79a70c5b24da980d3c8b8be7fb0bb2efe1c01390cb9c545e2f452ab96a979247 0.0s done
#12 exporting attestation manifest sha256:ebb4f95e5614f3acbca4d952b3a1c5da4c5e529bb8f4b075516b289d8f286fc9
#12 exporting attestation manifest sha256:ebb4f95e5614f3acbca4d952b3a1c5da4c5e529bb8f4b075516b289d8f286fc9 0.0s done
#12 exporting manifest list sha256:14a72a4f190003a0911548bdb738f98d56950a492b97603e71b91dde650680ec 0.0s done
#12 naming to docker.io/face-salon/migration:sc9-acceptance done
#12 unpacking to docker.io/face-salon/migration:sc9-acceptance 0.0s done
#12 DONE 0.2s

#13 resolving provenance for metadata file
#13 DONE 0.0s
[INFO] Scanning for projects...
[INFO]
[INFO] --------------------< com.face:face-chain-platform >--------------------
[INFO] Building FACE Chain Platform 0.1.0-SNAPSHOT
[INFO]   from pom.xml
[INFO] --------------------------------[ jar ]---------------------------------
[INFO]
[INFO] --- flyway:12.4.0:migrate (default-cli) @ face-chain-platform ---
[INFO] Database: jdbc:mysql://mysql:3306/face_salon?useUnicode=true&characterEncoding=utf8&serverTimezone=Asia/Shanghai&useSSL=false&allowPublicKeyRetrieval=true (MySQL 8.4)
[INFO] Schema history table `face_salon`.`flyway_schema_history` does not exist yet
[INFO] Successfully validated 43 migrations (execution time 00:00.049s)
[INFO] Creating Schema History table `face_salon`.`flyway_schema_history` with baseline ...
[INFO] Successfully baselined schema with version: 0
[INFO] Executing SQL callback: beforeMigrate - legacy member compatibility
[WARNING] DB: Integer display width is deprecated and will be removed in a future release. (SQL State: HY000 - Error Code: 1681)
[WARNING] DB: Integer display width is deprecated and will be removed in a future release. (SQL State: HY000 - Error Code: 1681)
[WARNING] DB: Integer display width is deprecated and will be removed in a future release. (SQL State: HY000 - Error Code: 1681)
[WARNING] DB: Integer display width is deprecated and will be removed in a future release. (SQL State: HY000 - Error Code: 1681)
[WARNING] DB: Integer display width is deprecated and will be removed in a future release. (SQL State: HY000 - Error Code: 1681)
[WARNING] DB: Integer display width is deprecated and will be removed in a future release. (SQL State: HY000 - Error Code: 1681)
[WARNING] DB: Integer display width is deprecated and will be removed in a future release. (SQL State: HY000 - Error Code: 1681)
[INFO] Current version of schema `face_salon`: 0
[INFO] Migrating schema `face_salon` to version "2026072401 - chain foundation"
[WARNING] DB: 'VALUES function' is deprecated and will be removed in a future release. Please use an alias (INSERT INTO ... VALUES (...) AS alias) and replace VALUES(col) in the ON DUPLICATE KEY UPDATE clause with alias.col instead (SQL State: HY000 - Error Code: 1287)
[WARNING] DB: 'VALUES function' is deprecated and will be removed in a future release. Please use an alias (INSERT INTO ... VALUES (...) AS alias) and replace VALUES(col) in the ON DUPLICATE KEY UPDATE clause with alias.col instead (SQL State: HY000 - Error Code: 1287)
[WARNING] DB: Integer display width is deprecated and will be removed in a future release. (SQL State: HY000 - Error Code: 1681)
[WARNING] DB: Integer display width is deprecated and will be removed in a future release. (SQL State: HY000 - Error Code: 1681)
[WARNING] DB: Integer display width is deprecated and will be removed in a future release. (SQL State: HY000 - Error Code: 1681)
[WARNING] DB: Integer display width is deprecated and will be removed in a future release. (SQL State: HY000 - Error Code: 1681)
[WARNING] DB: Integer display width is deprecated and will be removed in a future release. (SQL State: HY000 - Error Code: 1681)
[INFO] Migrating schema `face_salon` to version "2026072402 - member center foundation"
[INFO] Migrating schema `face_salon` to version "2026072403 - appointment center foundation"
[INFO] Migrating schema `face_salon` to version "2026072404 - transaction center foundation"
[INFO] Migrating schema `face_salon` to version "2026072405 - member account backfill"
[INFO] Migrating schema `face_salon` to version "2026072406 - inventory center foundation"
[INFO] Migrating schema `face_salon` to version "2026072407 - service care center foundation"
[INFO] Migrating schema `face_salon` to version "2026072601 - seed complete service catalog"
[WARNING] DB: Duplicate entry '2-1' for key 'staff_service.PRIMARY' (SQL State: 23000 - Error Code: 1062)
[WARNING] DB: Duplicate entry '2-2' for key 'staff_service.PRIMARY' (SQL State: 23000 - Error Code: 1062)
[WARNING] DB: Duplicate entry '2-3' for key 'staff_service.PRIMARY' (SQL State: 23000 - Error Code: 1062)
[INFO] Migrating schema `face_salon` to version "2026072602 - seed beautician demo account"
[INFO] Migrating schema `face_salon` to version "2026072603 - commercial upgrade foundation"
[INFO] Migrating schema `face_salon` to version "2026072801 - item analytics foundation"
[INFO] Migrating schema `face_salon` to version "2026072802 - v3 auth session foundation"
[INFO] Migrating schema `face_salon` to version "2026072803 - m2 master data and resources"
[WARNING] DB: Integer display width is deprecated and will be removed in a future release. (SQL State: HY000 - Error Code: 1681)
[INFO] Migrating schema `face_salon` to version "2026072804 - m3 vertical service flow"
[INFO] Migrating schema `face_salon` to version "2026072901 - m4 package account lifecycle"
[INFO] Migrating schema `face_salon` to version "2026072902 - m4 refund lifecycle"
[WARNING] DB: 'VALUES function' is deprecated and will be removed in a future release. Please use an alias (INSERT INTO ... VALUES (...) AS alias) and replace VALUES(col) in the ON DUPLICATE KEY UPDATE clause with alias.col instead (SQL State: HY000 - Error Code: 1287)
[WARNING] DB: 'VALUES function' is deprecated and will be removed in a future release. Please use an alias (INSERT INTO ... VALUES (...) AS alias) and replace VALUES(col) in the ON DUPLICATE KEY UPDATE clause with alias.col instead (SQL State: HY000 - Error Code: 1287)
[WARNING] DB: 'VALUES function' is deprecated and will be removed in a future release. Please use an alias (INSERT INTO ... VALUES (...) AS alias) and replace VALUES(col) in the ON DUPLICATE KEY UPDATE clause with alias.col instead (SQL State: HY000 - Error Code: 1287)
[INFO] Migrating schema `face_salon` to version "2026073001 - m4 purchase batch inventory"
[WARNING] DB: 'VALUES function' is deprecated and will be removed in a future release. Please use an alias (INSERT INTO ... VALUES (...) AS alias) and replace VALUES(col) in the ON DUPLICATE KEY UPDATE clause with alias.col instead (SQL State: HY000 - Error Code: 1287)
[WARNING] DB: 'VALUES function' is deprecated and will be removed in a future release. Please use an alias (INSERT INTO ... VALUES (...) AS alias) and replace VALUES(col) in the ON DUPLICATE KEY UPDATE clause with alias.col instead (SQL State: HY000 - Error Code: 1287)
[WARNING] DB: 'VALUES function' is deprecated and will be removed in a future release. Please use an alias (INSERT INTO ... VALUES (...) AS alias) and replace VALUES(col) in the ON DUPLICATE KEY UPDATE clause with alias.col instead (SQL State: HY000 - Error Code: 1287)
[INFO] Migrating schema `face_salon` to version "2026073002 - m4 payment adapter reconciliation"
[WARNING] DB: Integer display width is deprecated and will be removed in a future release. (SQL State: HY000 - Error Code: 1681)
[WARNING] DB: 'VALUES function' is deprecated and will be removed in a future release. Please use an alias (INSERT INTO ... VALUES (...) AS alias) and replace VALUES(col) in the ON DUPLICATE KEY UPDATE clause with alias.col instead (SQL State: HY000 - Error Code: 1287)
[WARNING] DB: 'VALUES function' is deprecated and will be removed in a future release. Please use an alias (INSERT INTO ... VALUES (...) AS alias) and replace VALUES(col) in the ON DUPLICATE KEY UPDATE clause with alias.col instead (SQL State: HY000 - Error Code: 1287)
[WARNING] DB: 'VALUES function' is deprecated and will be removed in a future release. Please use an alias (INSERT INTO ... VALUES (...) AS alias) and replace VALUES(col) in the ON DUPLICATE KEY UPDATE clause with alias.col instead (SQL State: HY000 - Error Code: 1287)
[INFO] Migrating schema `face_salon` to version "2026073003 - m5 commission rule versioning"
[WARNING] DB: 'VALUES function' is deprecated and will be removed in a future release. Please use an alias (INSERT INTO ... VALUES (...) AS alias) and replace VALUES(col) in the ON DUPLICATE KEY UPDATE clause with alias.col instead (SQL State: HY000 - Error Code: 1287)
[WARNING] DB: 'VALUES function' is deprecated and will be removed in a future release. Please use an alias (INSERT INTO ... VALUES (...) AS alias) and replace VALUES(col) in the ON DUPLICATE KEY UPDATE clause with alias.col instead (SQL State: HY000 - Error Code: 1287)
[WARNING] DB: 'VALUES function' is deprecated and will be removed in a future release. Please use an alias (INSERT INTO ... VALUES (...) AS alias) and replace VALUES(col) in the ON DUPLICATE KEY UPDATE clause with alias.col instead (SQL State: HY000 - Error Code: 1287)
[INFO] Migrating schema `face_salon` to version "2026073004 - m5 commission entry lifecycle"
[WARNING] DB: 'VALUES function' is deprecated and will be removed in a future release. Please use an alias (INSERT INTO ... VALUES (...) AS alias) and replace VALUES(col) in the ON DUPLICATE KEY UPDATE clause with alias.col instead (SQL State: HY000 - Error Code: 1287)
[WARNING] DB: 'VALUES function' is deprecated and will be removed in a future release. Please use an alias (INSERT INTO ... VALUES (...) AS alias) and replace VALUES(col) in the ON DUPLICATE KEY UPDATE clause with alias.col instead (SQL State: HY000 - Error Code: 1287)
[WARNING] DB: 'VALUES function' is deprecated and will be removed in a future release. Please use an alias (INSERT INTO ... VALUES (...) AS alias) and replace VALUES(col) in the ON DUPLICATE KEY UPDATE clause with alias.col instead (SQL State: HY000 - Error Code: 1287)
[INFO] Migrating schema `face_salon` to version "2026073005 - m5 commission settlement"
[WARNING] DB: 'VALUES function' is deprecated and will be removed in a future release. Please use an alias (INSERT INTO ... VALUES (...) AS alias) and replace VALUES(col) in the ON DUPLICATE KEY UPDATE clause with alias.col instead (SQL State: HY000 - Error Code: 1287)
[WARNING] DB: 'VALUES function' is deprecated and will be removed in a future release. Please use an alias (INSERT INTO ... VALUES (...) AS alias) and replace VALUES(col) in the ON DUPLICATE KEY UPDATE clause with alias.col instead (SQL State: HY000 - Error Code: 1287)
[WARNING] DB: 'VALUES function' is deprecated and will be removed in a future release. Please use an alias (INSERT INTO ... VALUES (...) AS alias) and replace VALUES(col) in the ON DUPLICATE KEY UPDATE clause with alias.col instead (SQL State: HY000 - Error Code: 1287)
[INFO] Migrating schema `face_salon` to version "2026073006 - m5 aftersale approval"
[WARNING] DB: 'VALUES function' is deprecated and will be removed in a future release. Please use an alias (INSERT INTO ... VALUES (...) AS alias) and replace VALUES(col) in the ON DUPLICATE KEY UPDATE clause with alias.col instead (SQL State: HY000 - Error Code: 1287)
[WARNING] DB: 'VALUES function' is deprecated and will be removed in a future release. Please use an alias (INSERT INTO ... VALUES (...) AS alias) and replace VALUES(col) in the ON DUPLICATE KEY UPDATE clause with alias.col instead (SQL State: HY000 - Error Code: 1287)
[WARNING] DB: 'VALUES function' is deprecated and will be removed in a future release. Please use an alias (INSERT INTO ... VALUES (...) AS alias) and replace VALUES(col) in the ON DUPLICATE KEY UPDATE clause with alias.col instead (SQL State: HY000 - Error Code: 1287)
[INFO] Migrating schema `face_salon` to version "2026073007 - m5 notification"
[WARNING] DB: 'VALUES function' is deprecated and will be removed in a future release. Please use an alias (INSERT INTO ... VALUES (...) AS alias) and replace VALUES(col) in the ON DUPLICATE KEY UPDATE clause with alias.col instead (SQL State: HY000 - Error Code: 1287)
[WARNING] DB: 'VALUES function' is deprecated and will be removed in a future release. Please use an alias (INSERT INTO ... VALUES (...) AS alias) and replace VALUES(col) in the ON DUPLICATE KEY UPDATE clause with alias.col instead (SQL State: HY000 - Error Code: 1287)
[WARNING] DB: 'VALUES function' is deprecated and will be removed in a future release. Please use an alias (INSERT INTO ... VALUES (...) AS alias) and replace VALUES(col) in the ON DUPLICATE KEY UPDATE clause with alias.col instead (SQL State: HY000 - Error Code: 1287)
[INFO] Migrating schema `face_salon` to version "2026080101 - m6 report snapshot"
[INFO] Migrating schema `face_salon` to version "2026080102 - m6 marketing governance"
[WARNING] DB: 'VALUES function' is deprecated and will be removed in a future release. Please use an alias (INSERT INTO ... VALUES (...) AS alias) and replace VALUES(col) in the ON DUPLICATE KEY UPDATE clause with alias.col instead (SQL State: HY000 - Error Code: 1287)
[WARNING] DB: 'VALUES function' is deprecated and will be removed in a future release. Please use an alias (INSERT INTO ... VALUES (...) AS alias) and replace VALUES(col) in the ON DUPLICATE KEY UPDATE clause with alias.col instead (SQL State: HY000 - Error Code: 1287)
[WARNING] DB: 'VALUES function' is deprecated and will be removed in a future release. Please use an alias (INSERT INTO ... VALUES (...) AS alias) and replace VALUES(col) in the ON DUPLICATE KEY UPDATE clause with alias.col instead (SQL State: HY000 - Error Code: 1287)
[INFO] Migrating schema `face_salon` to version "2026080103 - m6 training open platform"
[WARNING] DB: 'VALUES function' is deprecated and will be removed in a future release. Please use an alias (INSERT INTO ... VALUES (...) AS alias) and replace VALUES(col) in the ON DUPLICATE KEY UPDATE clause with alias.col instead (SQL State: HY000 - Error Code: 1287)
[WARNING] DB: 'VALUES function' is deprecated and will be removed in a future release. Please use an alias (INSERT INTO ... VALUES (...) AS alias) and replace VALUES(col) in the ON DUPLICATE KEY UPDATE clause with alias.col instead (SQL State: HY000 - Error Code: 1287)
[WARNING] DB: 'VALUES function' is deprecated and will be removed in a future release. Please use an alias (INSERT INTO ... VALUES (...) AS alias) and replace VALUES(col) in the ON DUPLICATE KEY UPDATE clause with alias.col instead (SQL State: HY000 - Error Code: 1287)
[INFO] Migrating schema `face_salon` to version "2026080201 - optimize public service media"
[INFO] Migrating schema `face_salon` to version "2026080202 - isolate beautician from admin appointments"
[INFO] Migrating schema `face_salon` to version "2026080203 - restore admin and seed care consumables"
[INFO] Migrating schema `face_salon` to version "2026080204 - backfill completed service orders"
[INFO] Migrating schema `face_salon` to version "2026080301 - sc2 identity content single shop"
[INFO] Migrating schema `face_salon` to version "2026080302 - sc2 banner publish timestamp backfill"
[INFO] Migrating schema `face_salon` to version "2026080303 - sc3 scheduling locks waitlist"
[WARNING] DB: Integer display width is deprecated and will be removed in a future release. (SQL State: HY000 - Error Code: 1681)
[WARNING] DB: Integer display width is deprecated and will be removed in a future release. (SQL State: HY000 - Error Code: 1681)
[WARNING] DB: Duplicate entry '16-9' for key 'role_permission.PRIMARY' (SQL State: 23000 - Error Code: 1062)
[WARNING] DB: Duplicate entry '16-10' for key 'role_permission.PRIMARY' (SQL State: 23000 - Error Code: 1062)
[INFO] Migrating schema `face_salon` to version "2026080304 - sc4 order cards coupon benefits"
[WARNING] DB: Integer display width is deprecated and will be removed in a future release. (SQL State: HY000 - Error Code: 1681)
[WARNING] DB: 'VALUES function' is deprecated and will be removed in a future release. Please use an alias (INSERT INTO ... VALUES (...) AS alias) and replace VALUES(col) in the ON DUPLICATE KEY UPDATE clause with alias.col instead (SQL State: HY000 - Error Code: 1287)
[WARNING] DB: 'VALUES function' is deprecated and will be removed in a future release. Please use an alias (INSERT INTO ... VALUES (...) AS alias) and replace VALUES(col) in the ON DUPLICATE KEY UPDATE clause with alias.col instead (SQL State: HY000 - Error Code: 1287)
[WARNING] DB: 'VALUES function' is deprecated and will be removed in a future release. Please use an alias (INSERT INTO ... VALUES (...) AS alias) and replace VALUES(col) in the ON DUPLICATE KEY UPDATE clause with alias.col instead (SQL State: HY000 - Error Code: 1287)
[WARNING] DB: Duplicate entry '16-35' for key 'role_permission.PRIMARY' (SQL State: 23000 - Error Code: 1062)
[WARNING] DB: Duplicate entry '16-34' for key 'role_permission.PRIMARY' (SQL State: 23000 - Error Code: 1062)
[WARNING] DB: Duplicate entry '16-17' for key 'role_permission.PRIMARY' (SQL State: 23000 - Error Code: 1062)
[WARNING] DB: Duplicate entry '16-13' for key 'role_permission.PRIMARY' (SQL State: 23000 - Error Code: 1062)
[WARNING] DB: Duplicate entry '16-12' for key 'role_permission.PRIMARY' (SQL State: 23000 - Error Code: 1062)
[WARNING] DB: Duplicate entry '16-31' for key 'role_permission.PRIMARY' (SQL State: 23000 - Error Code: 1062)
[WARNING] DB: Duplicate entry '16-30' for key 'role_permission.PRIMARY' (SQL State: 23000 - Error Code: 1062)
[INFO] Migrating schema `face_salon` to version "2026080305 - sc5 points store inventory"
[WARNING] DB: Integer display width is deprecated and will be removed in a future release. (SQL State: HY000 - Error Code: 1681)
[WARNING] DB: Integer display width is deprecated and will be removed in a future release. (SQL State: HY000 - Error Code: 1681)
[WARNING] DB: Integer display width is deprecated and will be removed in a future release. (SQL State: HY000 - Error Code: 1681)
[WARNING] DB: Integer display width is deprecated and will be removed in a future release. (SQL State: HY000 - Error Code: 1681)
[WARNING] DB: Integer display width is deprecated and will be removed in a future release. (SQL State: HY000 - Error Code: 1681)
[WARNING] DB: Integer display width is deprecated and will be removed in a future release. (SQL State: HY000 - Error Code: 1681)
[WARNING] DB: 'VALUES function' is deprecated and will be removed in a future release. Please use an alias (INSERT INTO ... VALUES (...) AS alias) and replace VALUES(col) in the ON DUPLICATE KEY UPDATE clause with alias.col instead (SQL State: HY000 - Error Code: 1287)
[WARNING] DB: 'VALUES function' is deprecated and will be removed in a future release. Please use an alias (INSERT INTO ... VALUES (...) AS alias) and replace VALUES(col) in the ON DUPLICATE KEY UPDATE clause with alias.col instead (SQL State: HY000 - Error Code: 1287)
[WARNING] DB: 'VALUES function' is deprecated and will be removed in a future release. Please use an alias (INSERT INTO ... VALUES (...) AS alias) and replace VALUES(col) in the ON DUPLICATE KEY UPDATE clause with alias.col instead (SQL State: HY000 - Error Code: 1287)
[WARNING] DB: 'VALUES function' is deprecated and will be removed in a future release. Please use an alias (INSERT INTO ... VALUES (...) AS alias) and replace VALUES(col) in the ON DUPLICATE KEY UPDATE clause with alias.col instead (SQL State: HY000 - Error Code: 1287)
[WARNING] DB: 'VALUES function' is deprecated and will be removed in a future release. Please use an alias (INSERT INTO ... VALUES (...) AS alias) and replace VALUES(col) in the ON DUPLICATE KEY UPDATE clause with alias.col instead (SQL State: HY000 - Error Code: 1287)
[WARNING] DB: 'VALUES function' is deprecated and will be removed in a future release. Please use an alias (INSERT INTO ... VALUES (...) AS alias) and replace VALUES(col) in the ON DUPLICATE KEY UPDATE clause with alias.col instead (SQL State: HY000 - Error Code: 1287)
[INFO] Migrating schema `face_salon` to version "2026080306 - sc5 mall coupons"
[INFO] Migrating schema `face_salon` to version "2026080307 - sc5 default points seed fallback"
[WARNING] DB: 'VALUES function' is deprecated and will be removed in a future release. Please use an alias (INSERT INTO ... VALUES (...) AS alias) and replace VALUES(col) in the ON DUPLICATE KEY UPDATE clause with alias.col instead (SQL State: HY000 - Error Code: 1287)
[WARNING] DB: 'VALUES function' is deprecated and will be removed in a future release. Please use an alias (INSERT INTO ... VALUES (...) AS alias) and replace VALUES(col) in the ON DUPLICATE KEY UPDATE clause with alias.col instead (SQL State: HY000 - Error Code: 1287)
[WARNING] DB: 'VALUES function' is deprecated and will be removed in a future release. Please use an alias (INSERT INTO ... VALUES (...) AS alias) and replace VALUES(col) in the ON DUPLICATE KEY UPDATE clause with alias.col instead (SQL State: HY000 - Error Code: 1287)
[INFO] Migrating schema `face_salon` to version "2026080308 - sc5 legacy owner points seed"
[WARNING] DB: 'VALUES function' is deprecated and will be removed in a future release. Please use an alias (INSERT INTO ... VALUES (...) AS alias) and replace VALUES(col) in the ON DUPLICATE KEY UPDATE clause with alias.col instead (SQL State: HY000 - Error Code: 1287)
[WARNING] DB: 'VALUES function' is deprecated and will be removed in a future release. Please use an alias (INSERT INTO ... VALUES (...) AS alias) and replace VALUES(col) in the ON DUPLICATE KEY UPDATE clause with alias.col instead (SQL State: HY000 - Error Code: 1287)
[INFO] Migrating schema `face_salon` to version "2026080309 - sc5 points earn and mall payment callbacks"
[INFO] Migrating schema `face_salon` to version "2026080310 - sc6 fulfillment reviews aftersale"
[WARNING] DB: Integer display width is deprecated and will be removed in a future release. (SQL State: HY000 - Error Code: 1681)
[WARNING] DB: Integer display width is deprecated and will be removed in a future release. (SQL State: HY000 - Error Code: 1681)
[WARNING] DB: Integer display width is deprecated and will be removed in a future release. (SQL State: HY000 - Error Code: 1681)
[WARNING] DB: 'VALUES function' is deprecated and will be removed in a future release. Please use an alias (INSERT INTO ... VALUES (...) AS alias) and replace VALUES(col) in the ON DUPLICATE KEY UPDATE clause with alias.col instead (SQL State: HY000 - Error Code: 1287)
[WARNING] DB: 'VALUES function' is deprecated and will be removed in a future release. Please use an alias (INSERT INTO ... VALUES (...) AS alias) and replace VALUES(col) in the ON DUPLICATE KEY UPDATE clause with alias.col instead (SQL State: HY000 - Error Code: 1287)
[WARNING] DB: 'VALUES function' is deprecated and will be removed in a future release. Please use an alias (INSERT INTO ... VALUES (...) AS alias) and replace VALUES(col) in the ON DUPLICATE KEY UPDATE clause with alias.col instead (SQL State: HY000 - Error Code: 1287)
[INFO] Migrating schema `face_salon` to version "2026080311 - sc6 confirmation status width"
[INFO] Migrating schema `face_salon` to version "2026080312 - sc6 fulfillment outcome width"
[INFO] Migrating schema `face_salon` to version "2026080313 - sc7 legacy import"
[INFO] Successfully applied 43 migrations to schema `face_salon`, now at version v2026080313 (execution time 00:19.216s)
[INFO] Database: jdbc:mysql://mysql:3306/face_salon?useUnicode=true&characterEncoding=utf8&serverTimezone=Asia/Shanghai&useSSL=false&allowPublicKeyRetrieval=true (MySQL 8.4)
[INFO] ------------------------------------------------------------------------
[INFO] BUILD SUCCESS
[INFO] ------------------------------------------------------------------------
[INFO] Total time:  22.176 s
[INFO] Finished at: 2026-08-10T06:03:33Z
[INFO] ------------------------------------------------------------------------
[INFO] Scanning for projects...
[INFO]
[INFO] --------------------< com.face:face-chain-platform >--------------------
[INFO] Building FACE Chain Platform 0.1.0-SNAPSHOT
[INFO]   from pom.xml
[INFO] --------------------------------[ jar ]---------------------------------
[INFO]
[INFO] --- flyway:12.4.0:validate (default-cli) @ face-chain-platform ---
[INFO] Database: jdbc:mysql://mysql:3306/face_salon?useUnicode=true&characterEncoding=utf8&serverTimezone=Asia/Shanghai&useSSL=false&allowPublicKeyRetrieval=true (MySQL 8.4)
[INFO] Successfully validated 44 migrations (execution time 00:00.058s)
[INFO] ------------------------------------------------------------------------
[INFO] BUILD SUCCESS
[INFO] ------------------------------------------------------------------------
[INFO] Total time:  1.339 s
[INFO] Finished at: 2026-08-10T06:03:37Z
[INFO] ------------------------------------------------------------------------
SC9_FLYWAY_DYNAMIC_HISTORY=PASS;COUNT=43;LATEST=2026080313
Attaching to object-init-1
object-init-1  | Added `face` successfully.
object-init-1  | Bucket created successfully `face/face-production`.
object-init-1  | Access permission for `face/face-production` is set to `download`
object-init-1  | Name      : face-production
object-init-1  | Date      : 2026-08-10 06:03:39 UTC
object-init-1  | Size      : N/A
object-init-1  | Type      : folder
object-init-1  |
object-init-1  | Properties:
object-init-1  |   Versioning: Un-versioned
object-init-1  |   Location: us-east-1
object-init-1  |   Anonymous: Enabled
object-init-1  |   ILM: Disabled
object-init-1  |
object-init-1  | Usage:
object-init-1  |       Total size: 0 B
object-init-1  |    Objects count: 0
object-init-1  |   Versions count: 0
object-init-1  |

[Kobject-init-1 exited with code 0
#1 [internal] load local bake definitions
#1 reading from stdin 2.13kB 0.0s done
#1 DONE 0.0s

#2 [backend internal] load build definition from Dockerfile
#2 transferring dockerfile: 735B done
#2 DONE 0.0s

#3 [gateway internal] load build definition from Dockerfile
#3 transferring dockerfile: 174B done
#3 DONE 0.0s

#4 [client internal] load build definition from Dockerfile
#4 transferring dockerfile: 650B done
#4 DONE 0.0s

#5 [admin internal] load build definition from Dockerfile
#5 transferring dockerfile: 467B done
#5 DONE 0.1s

#6 [backend internal] load metadata for docker.io/library/maven:3.9.11-eclipse-temurin-21-alpine
#6 DONE 0.0s

#7 [admin internal] load metadata for docker.io/nginxinc/nginx-unprivileged:1.28-alpine
#7 ...

#8 [backend internal] load metadata for docker.io/library/eclipse-temurin:21-jre-alpine
#8 DONE 1.8s

#9 [backend internal] load .dockerignore
#9 transferring context: 66B done
#9 DONE 0.0s

#10 [backend stage-1 1/5] FROM docker.io/library/eclipse-temurin:21-jre-alpine@sha256:3f08b13888f595cc49edabea7250ba69499ba25602b267da591720769400e08c
#10 resolve docker.io/library/eclipse-temurin:21-jre-alpine@sha256:3f08b13888f595cc49edabea7250ba69499ba25602b267da591720769400e08c 0.0s done
#10 DONE 0.0s

#11 [backend build 1/6] FROM docker.io/library/maven:3.9.11-eclipse-temurin-21-alpine@sha256:922927df2c662cdd47ddb116443d6bec4696cfae3de1a0ddac8fcc7b87ce61ae
#11 resolve docker.io/library/maven:3.9.11-eclipse-temurin-21-alpine@sha256:922927df2c662cdd47ddb116443d6bec4696cfae3de1a0ddac8fcc7b87ce61ae 0.0s done
#11 DONE 0.0s

#12 [backend internal] load build context
#12 transferring context: 56.89kB 0.0s done
#12 DONE 0.1s

#13 [backend build 3/6] COPY pom.xml ./
#13 CACHED

#14 [backend build 4/6] RUN mvn -B -ntp dependency:go-offline
#14 CACHED

#15 [backend build 5/6] COPY src ./src
#15 CACHED

#16 [backend stage-1 2/5] RUN apk add --no-cache curl     && addgroup -S face     && adduser -S -G face face
#16 CACHED

#17 [backend stage-1 3/5] WORKDIR /app
#17 CACHED

#18 [backend build 6/6] RUN mvn -B -ntp -DskipTests package
#18 CACHED

#19 [backend stage-1 4/5] COPY --from=build --chown=face:face /workspace/target/face-chain-platform-0.1.0-SNAPSHOT.jar /app/app.jar
#19 CACHED

#20 [backend build 2/6] WORKDIR /workspace
#20 CACHED

#21 [backend stage-1 5/5] RUN mkdir -p /app/adapters && chown face:face /app/adapters
#21 CACHED

#22 [backend] exporting to image
#22 exporting layers done
#22 exporting manifest sha256:275753905fd1fbefc5eb33ff6d64063f380cbf848e3b9979afb29676c2bb3878 0.0s done
#22 exporting config sha256:4806872b9153d91301cbc67b607be3d31454b7079dc1e0e49ff98e4c55f310cc 0.0s done
#22 exporting attestation manifest sha256:9d18aa847fa972104450517e2c08bdc1eaac61d9c332de730f22385b25fa9aaa
#22 exporting attestation manifest sha256:9d18aa847fa972104450517e2c08bdc1eaac61d9c332de730f22385b25fa9aaa 0.0s done
#22 exporting manifest list sha256:5cbc5d0b2adc8a8e29e44530482e1b683d279b8ddb7617c349ce472286813804 0.0s done
#22 naming to docker.io/face-salon/backend:sc9-acceptance done
#22 unpacking to docker.io/face-salon/backend:sc9-acceptance done
#22 DONE 0.2s

#23 [client internal] load metadata for docker.io/library/node:24-alpine
#23 DONE 2.0s

#24 [backend] resolving provenance for metadata file
#24 DONE 0.0s

#7 [admin internal] load metadata for docker.io/nginxinc/nginx-unprivileged:1.28-alpine
#7 DONE 2.3s

#25 [gateway internal] load .dockerignore
#25 transferring context: 2B done
#25 DONE 0.0s

#26 [admin internal] load .dockerignore
#26 transferring context: 71B done
#26 DONE 0.0s

#27 [client internal] load .dockerignore
#27 transferring context: 71B done
#27 DONE 0.0s

#28 [gateway internal] load build context
#28 transferring context: 43B done
#28 DONE 0.0s

#29 [client 1/2] FROM docker.io/nginxinc/nginx-unprivileged:1.28-alpine@sha256:7377697a821c131a924a7105fafbe7414db4e9fcc77a6f08f776f33f141ec3f8
#29 resolve docker.io/nginxinc/nginx-unprivileged:1.28-alpine@sha256:7377697a821c131a924a7105fafbe7414db4e9fcc77a6f08f776f33f141ec3f8 0.0s done
#29 DONE 0.0s

#30 [gateway 2/2] COPY --chown=nginx:nginx default.conf.template /etc/nginx/templates/default.conf.template
#30 CACHED

#31 [admin build 1/6] FROM docker.io/library/node:24-alpine@sha256:d32cdf619f63fe0471182d08996dd516c6275bb5fd31ae06e55a570bd9e1ad43
#31 resolve docker.io/library/node:24-alpine@sha256:d32cdf619f63fe0471182d08996dd516c6275bb5fd31ae06e55a570bd9e1ad43 0.0s done
#31 DONE 0.0s

#32 [client internal] load build context
#32 transferring context: 3.09kB done
#32 DONE 0.0s

#33 [admin internal] load build context
#33 transferring context: 4.45kB done
#33 DONE 0.0s

#34 [gateway] exporting to image
#34 exporting layers done
#34 exporting manifest sha256:0e9a0703d6dc3a6d33a8bd7a2964816453a7a0d16c0ed02b618a698965f933bc 0.0s done
#34 exporting config sha256:081e4cca323101d8e036dead896cc95278c8de02e6fa34afb0024341d7a5d0a6
#34 ...

#35 [client build 5/6] COPY . .
#35 CACHED

#36 [client stage-1 2/3] COPY nginx.conf /etc/nginx/conf.d/default.conf
#36 CACHED

#37 [client build 4/6] RUN npm ci --ignore-scripts
#37 CACHED

#38 [client build 3/6] COPY package.json package-lock.json ./
#38 CACHED

#39 [client build 6/6] RUN npm run build
#39 CACHED

#40 [client stage-1 3/3] COPY --from=build /workspace/dist /usr/share/nginx/html
#40 CACHED

#41 [admin build 6/6] RUN npm run build
#41 CACHED

#42 [admin build 4/6] RUN npm ci --ignore-scripts
#42 CACHED

#43 [admin build 2/6] WORKDIR /workspace
#43 CACHED

#44 [admin stage-1 2/3] COPY nginx.conf /etc/nginx/conf.d/default.conf
#44 CACHED

#45 [admin build 3/6] COPY package.json package-lock.json ./
#45 CACHED

#46 [admin build 5/6] COPY . .
#46 CACHED

#47 [admin stage-1 3/3] COPY --from=build /workspace/dist /usr/share/nginx/html
#47 CACHED

#34 [gateway] exporting to image
#34 exporting config sha256:081e4cca323101d8e036dead896cc95278c8de02e6fa34afb0024341d7a5d0a6 0.0s done
#34 exporting attestation manifest sha256:be8abe5e1fa428fa5d1ed475635b9ee2923ffd4d95c4036fe7d5f83272865095
#34 exporting attestation manifest sha256:be8abe5e1fa428fa5d1ed475635b9ee2923ffd4d95c4036fe7d5f83272865095 0.1s done
#34 exporting manifest list sha256:e6b2da4b985823450835bc2815f9a49cb442f9d08911f0bba61674d43c710037 0.0s done
#34 naming to docker.io/face-salon/prod-gateway:sc9-acceptance
#34 naming to docker.io/face-salon/prod-gateway:sc9-acceptance 0.0s done
#34 unpacking to docker.io/face-salon/prod-gateway:sc9-acceptance 0.0s done
#34 DONE 0.3s

#48 [admin] exporting to image
#48 exporting layers done
#48 exporting manifest sha256:0e79c3f026916b9f67046fd460bde09f3b7e3fc9b2212dc593699eebaffa3db1 0.0s done
#48 exporting config sha256:361fb2bdcf0b0e46ed68487e991fe1ef7cab556a51887e443e1b4ccf8db2beae 0.0s done
#48 exporting attestation manifest sha256:a209d57316ee50f263fdb8dded21aedae7483ed6493f3760872eb2f22b924276 0.1s done
#48 exporting manifest list sha256:edf8356e1801a0bb139525166bc595d53f20127fd0191502d70f5203773826da 0.0s done
#48 naming to docker.io/face-salon/admin:sc9-acceptance 0.0s done
#48 unpacking to docker.io/face-salon/admin:sc9-acceptance 0.0s done
#48 DONE 0.3s

#49 [client] exporting to image
#49 exporting layers done
#49 exporting manifest sha256:d789f02b09f2e6b4b0ea88c5f9fa94fb324b73cbc848e7967b2b00b7b5b6bf0b 0.0s done
#49 exporting config sha256:66efb7293b752dd8b6d052d119fd390e2a4d7107f55f426911a387087ceb8661 0.0s done
#49 exporting attestation manifest sha256:e5ee79ac3b3d5c20956371fe5111598f5d5411108ae1f5e3db4c794e14a9d998 0.1s done
#49 exporting manifest list sha256:8cf3217983370da88948b90d6b5b9af043e35e5e316b951e67f407966f06c84d 0.0s done
#49 naming to docker.io/face-salon/client:sc9-acceptance done
#49 unpacking to docker.io/face-salon/client:sc9-acceptance 0.0s done
#49 DONE 0.3s

#50 [gateway] resolving provenance for metadata file
#50 DONE 0.1s

#51 [admin] resolving provenance for metadata file
#51 DONE 0.1s

#52 [client] resolving provenance for metadata file
#52 DONE 0.0s
SC9_PRODUCTION_RUNTIME=PASS
SC9_OBJECT_STORAGE=PASS
SC9_BACKUP=PASS;FINGERPRINT=2:0:0:44
SC9_RESTORE_DRILL=PASS;FINGERPRINT=2:0:0:44
SC9_RESTART=PASS
SC9_REPEATABLE_RUN_2=PASS
SC9_DOCKER_ACCEPTANCE_CLEANUP=PASS
